
===== [10-06 15:04] 스캔 #1 =====
판매 중 회차: 118회(마감 10-06 23:00)
[전체 추적] 스캔기록에 177개 선택지 기록 (새로 0, 갱신 177) → data/스캔기록.csv
--- 채점/보고
118회: 0건 채움, 적특 0

===== [10-06 15:35] 스캔 #2 =====
판매 중 회차: 118회(마감 10-06 23:00)
[전체 추적] 스캔기록에 177개 선택지 기록 (새로 0, 갱신 177) → data/스캔기록.csv

===== [10-06 16:05] 스캔 #3 =====
판매 중 회차: 118회(마감 10-06 23:00)
[전체 추적] 스캔기록에 177개 선택지 기록 (새로 0, 갱신 177) → data/스캔기록.csv

===== [10-06 16:37] 스캔 #4 =====
판매 중 회차: 118회(마감 10-06 23:00)
[전체 추적] 스캔기록에 175개 선택지 기록 (새로 0, 갱신 175) → data/스캔기록.csv

===== [10-06 17:07] 스캔 #5 =====
판매 중 회차: 118회(마감 10-06 23:00)
[전체 추적] 스캔기록에 175개 선택지 기록 (새로 0, 갱신 175) → data/스캔기록.csv

===== [10-06 20:20] 스캔 #6 =====
판매 중 회차: 118회(마감 10-06 23:00)
[전체 추적] 스캔기록에 134개 선택지 기록 (새로 0, 갱신 134) → data/스캔기록.csv

===== [10-06 20:50] 스캔 #7 =====
판매 중 회차: 118회(마감 10-06 23:00)
[전체 추적] 스캔기록에 126개 선택지 기록 (새로 0, 갱신 126) → data/스캔기록.csv
--- 채점/보고
118회: 2건 채움, 적특 0

===== [10-06 21:20] 스캔 #8 =====
판매 중 회차: 118회(마감 10-06 23:00)
[전체 추적] 스캔기록에 126개 선택지 기록 (새로 0, 갱신 126) → data/스캔기록.csv

===== [10-06 21:50] 스캔 #9 =====
판매 중 회차: 118회(마감 10-06 23:00)
[전체 추적] 스캔기록에 126개 선택지 기록 (새로 0, 갱신 126) → data/스캔기록.csv
118 | 6771 | 10-07 09:00 | 남자축구 국제친선경기 | 미국 vs 캐나다 | H-1 | 승  | 2.9 |          | 34.6 | 1.002 | 이름 일치 ★ +EV  권장 0원(1/4켈리)

===== [10-06 22:21] 스캔 #10 =====
판매 중 회차: 118회(마감 10-06 23:00)
[전체 추적] 스캔기록에 126개 선택지 기록 (새로 0, 갱신 126) → data/스캔기록.csv
118 | 6771 | 10-07 09:00 | 남자축구 국제친선경기 | 미국 vs 캐나다 | H-1 | 승  | 2.9 |          | 35.3 | 1.023 | 이름 일치 ★ +EV  권장 3,000원(1/4켈리)

===== [10-06 22:51] 스캔 #11 =====
판매 중 회차: 118회(마감 10-06 23:00)
[전체 추적] 스캔기록에 126개 선택지 기록 (새로 0, 갱신 126) → data/스캔기록.csv
118 | 6771 | 10-07 09:00 | 남자축구 국제친선경기 | 미국 vs 캐나다 | H-1 | 승  | 2.9 |          | 35.6 | 1.031 | 이름 일치 ★ +EV  권장 4,000원(1/4켈리)
